Archive member included because of file (symbol)

c:/ac6/systemworkbench/plugins/fr.ac6.mcu.externaltools.arm-none.win32_1.3.0.201507241045/tools/compiler/bin/../lib/gcc/arm-none-eabi/4.9.3/armv7-m\libgcc.a(_arm_addsubdf3.o)
                              src/BatSense.o (__aeabi_i2d)
c:/ac6/systemworkbench/plugins/fr.ac6.mcu.externaltools.arm-none.win32_1.3.0.201507241045/tools/compiler/bin/../lib/gcc/arm-none-eabi/4.9.3/armv7-m\libgcc.a(_arm_muldivdf3.o)
                              src/BatSense.o (__aeabi_dmul)
c:/ac6/systemworkbench/plugins/fr.ac6.mcu.externaltools.arm-none.win32_1.3.0.201507241045/tools/compiler/bin/../lib/gcc/arm-none-eabi/4.9.3/armv7-m\libgcc.a(_arm_cmpdf2.o)
                              src/BatSense.o (__aeabi_dcmplt)
c:/ac6/systemworkbench/plugins/fr.ac6.mcu.externaltools.arm-none.win32_1.3.0.201507241045/tools/compiler/bin/../lib/gcc/arm-none-eabi/4.9.3/../../../../arm-none-eabi/lib/armv7-m\libc.a(lib_a-errno.o)
                              startup/sysmem.o (__errno)
c:/ac6/systemworkbench/plugins/fr.ac6.mcu.externaltools.arm-none.win32_1.3.0.201507241045/tools/compiler/bin/../lib/gcc/arm-none-eabi/4.9.3/../../../../arm-none-eabi/lib/armv7-m\libc.a(lib_a-exit.o)
                              c:/ac6/systemworkbench/plugins/fr.ac6.mcu.externaltools.arm-none.win32_1.3.0.201507241045/tools/compiler/bin/../lib/gcc/arm-none-eabi/4.9.3/../../../../arm-none-eabi/lib/armv7-m/crt0.o (exit)
c:/ac6/systemworkbench/plugins/fr.ac6.mcu.externaltools.arm-none.win32_1.3.0.201507241045/tools/compiler/bin/../lib/gcc/arm-none-eabi/4.9.3/../../../../arm-none-eabi/lib/armv7-m\libc.a(lib_a-impure.o)
                              c:/ac6/systemworkbench/plugins/fr.ac6.mcu.externaltools.arm-none.win32_1.3.0.201507241045/tools/compiler/bin/../lib/gcc/arm-none-eabi/4.9.3/../../../../arm-none-eabi/lib/armv7-m\libc.a(lib_a-exit.o) (_global_impure_ptr)
c:/ac6/systemworkbench/plugins/fr.ac6.mcu.externaltools.arm-none.win32_1.3.0.201507241045/tools/compiler/bin/../lib/gcc/arm-none-eabi/4.9.3/../../../../arm-none-eabi/lib/armv7-m\libc.a(lib_a-init.o)
                              c:/ac6/systemworkbench/plugins/fr.ac6.mcu.externaltools.arm-none.win32_1.3.0.201507241045/tools/compiler/bin/../lib/gcc/arm-none-eabi/4.9.3/../../../../arm-none-eabi/lib/armv7-m/crt0.o (__libc_init_array)
c:/ac6/systemworkbench/plugins/fr.ac6.mcu.externaltools.arm-none.win32_1.3.0.201507241045/tools/compiler/bin/../lib/gcc/arm-none-eabi/4.9.3/../../../../arm-none-eabi/lib/armv7-m\libc.a(lib_a-memset.o)
                              c:/ac6/systemworkbench/plugins/fr.ac6.mcu.externaltools.arm-none.win32_1.3.0.201507241045/tools/compiler/bin/../lib/gcc/arm-none-eabi/4.9.3/../../../../arm-none-eabi/lib/armv7-m/crt0.o (memset)
c:/ac6/systemworkbench/plugins/fr.ac6.mcu.externaltools.arm-none.win32_1.3.0.201507241045/tools/compiler/bin/../lib/gcc/arm-none-eabi/4.9.3/../../../../arm-none-eabi/lib/armv7-m\libc.a(lib_a-__call_atexit.o)
                              c:/ac6/systemworkbench/plugins/fr.ac6.mcu.externaltools.arm-none.win32_1.3.0.201507241045/tools/compiler/bin/../lib/gcc/arm-none-eabi/4.9.3/../../../../arm-none-eabi/lib/armv7-m\libc.a(lib_a-exit.o) (__call_exitprocs)
c:/ac6/systemworkbench/plugins/fr.ac6.mcu.externaltools.arm-none.win32_1.3.0.201507241045/tools/compiler/bin/../lib/gcc/arm-none-eabi/4.9.3/../../../../arm-none-eabi/lib/armv7-m\libc.a(lib_a-atexit.o)
                              c:/ac6/systemworkbench/plugins/fr.ac6.mcu.externaltools.arm-none.win32_1.3.0.201507241045/tools/compiler/bin/../lib/gcc/arm-none-eabi/4.9.3/../../../../arm-none-eabi/lib/armv7-m\libc.a(lib_a-__call_atexit.o) (atexit)
c:/ac6/systemworkbench/plugins/fr.ac6.mcu.externaltools.arm-none.win32_1.3.0.201507241045/tools/compiler/bin/../lib/gcc/arm-none-eabi/4.9.3/../../../../arm-none-eabi/lib/armv7-m\libc.a(lib_a-fini.o)
                              c:/ac6/systemworkbench/plugins/fr.ac6.mcu.externaltools.arm-none.win32_1.3.0.201507241045/tools/compiler/bin/../lib/gcc/arm-none-eabi/4.9.3/../../../../arm-none-eabi/lib/armv7-m\libc.a(lib_a-__call_atexit.o) (__libc_fini_array)
c:/ac6/systemworkbench/plugins/fr.ac6.mcu.externaltools.arm-none.win32_1.3.0.201507241045/tools/compiler/bin/../lib/gcc/arm-none-eabi/4.9.3/../../../../arm-none-eabi/lib/armv7-m\libc.a(lib_a-__atexit.o)
                              c:/ac6/systemworkbench/plugins/fr.ac6.mcu.externaltools.arm-none.win32_1.3.0.201507241045/tools/compiler/bin/../lib/gcc/arm-none-eabi/4.9.3/../../../../arm-none-eabi/lib/armv7-m\libc.a(lib_a-atexit.o) (__register_exitproc)

Discarded input sections

 .text          0x00000000        0x0 c:/ac6/systemworkbench/plugins/fr.ac6.mcu.externaltools.arm-none.win32_1.3.0.201507241045/tools/compiler/bin/../lib/gcc/arm-none-eabi/4.9.3/armv7-m/crti.o
 .data          0x00000000        0x0 c:/ac6/systemworkbench/plugins/fr.ac6.mcu.externaltools.arm-none.win32_1.3.0.201507241045/tools/compiler/bin/../lib/gcc/arm-none-eabi/4.9.3/armv7-m/crti.o
[...]
Memory Configuration

Name             Origin             Length             Attributes
RAM              0x20000000         0x00004000         xrw
ROM              0x08000000         0x00008000         xr
*default*        0x00000000         0xffffffff

Linker script and memory map

LOAD c:/ac6/systemworkbench/plugins/fr.ac6.mcu.externaltools.arm-none.win32_1.3.0.201507241045/tools/compiler/bin/../lib/gcc/arm-none-eabi/4.9.3/armv7-m/crti.o
LOAD c:/ac6/systemworkbench/plugins/fr.ac6.mcu.externaltools.arm-none.win32_1.3.0.201507241045/tools/compiler/bin/../lib/gcc/arm-none-eabi/4.9.3/armv7-m/crtbegin.o
LOAD c:/ac6/systemworkbench/plugins/fr.ac6.mcu.externaltools.arm-none.win32_1.3.0.201507241045/tools/compiler/bin/../lib/gcc/arm-none-eabi/4.9.3/../../../../arm-none-eabi/lib/armv7-m/crt0.o
LOAD c:/ac6/systemworkbench/plugins/fr.ac6.mcu.externaltools.arm-none.win32_1.3.0.201507241045/tools/compiler/bin/../lib/gcc/arm-none-eabi/4.9.3/../../../../arm-none-eabi/lib/armv7-m\libm.a
LOAD startup/startup_stm32.o
LOAD startup/sysmem.o
LOAD src/BatSense.o
LOAD src/MCP9804.o
LOAD src/MIDAS.o
LOAD src/RFM73.o
LOAD src/i2c.o
LOAD src/led.o
LOAD src/main.o
LOAD src/spi.o
LOAD src/system_stm32l1xx.o
LOAD src/timer.o
LOAD StdPeriph_Driver/src/misc.o
LOAD StdPeriph_Driver/src/stm32l1xx_adc.o
LOAD StdPeriph_Driver/src/stm32l1xx_aes.o
LOAD StdPeriph_Driver/src/stm32l1xx_aes_util.o
LOAD StdPeriph_Driver/src/stm32l1xx_comp.o
LOAD StdPeriph_Driver/src/stm32l1xx_crc.o
LOAD StdPeriph_Driver/src/stm32l1xx_dac.o
LOAD StdPeriph_Driver/src/stm32l1xx_dbgmcu.o
LOAD StdPeriph_Driver/src/stm32l1xx_dma.o
LOAD StdPeriph_Driver/src/stm32l1xx_exti.o
LOAD StdPeriph_Driver/src/stm32l1xx_flash.o
LOAD StdPeriph_Driver/src/stm32l1xx_flash_ramfunc.o
LOAD StdPeriph_Driver/src/stm32l1xx_fsmc.o
LOAD StdPeriph_Driver/src/stm32l1xx_gpio.o
LOAD StdPeriph_Driver/src/stm32l1xx_i2c.o
LOAD StdPeriph_Driver/src/stm32l1xx_iwdg.o
LOAD StdPeriph_Driver/src/stm32l1xx_lcd.o
LOAD StdPeriph_Driver/src/stm32l1xx_opamp.o
LOAD StdPeriph_Driver/src/stm32l1xx_pwr.o
LOAD StdPeriph_Driver/src/stm32l1xx_rcc.o
LOAD StdPeriph_Driver/src/stm32l1xx_rtc.o
LOAD StdPeriph_Driver/src/stm32l1xx_sdio.o
LOAD StdPeriph_Driver/src/stm32l1xx_spi.o
LOAD StdPeriph_Driver/src/stm32l1xx_syscfg.o
LOAD StdPeriph_Driver/src/stm32l1xx_tim.o
LOAD StdPeriph_Driver/src/stm32l1xx_usart.o
LOAD StdPeriph_Driver/src/stm32l1xx_wwdg.o
START GROUP
LOAD c:/ac6/systemworkbench/plugins/fr.ac6.mcu.externaltools.arm-none.win32_1.3.0.201507241045/tools/compiler/bin/../lib/gcc/arm-none-eabi/4.9.3/armv7-m\libgcc.a
LOAD c:/ac6/systemworkbench/plugins/fr.ac6.mcu.externaltools.arm-none.win32_1.3.0.201507241045/tools/compiler/bin/../lib/gcc/arm-none-eabi/4.9.3/../../../../arm-none-eabi/lib/armv7-m\libc.a
END GROUP
LOAD c:/ac6/systemworkbench/plugins/fr.ac6.mcu.externaltools.arm-none.win32_1.3.0.201507241045/tools/compiler/bin/../lib/gcc/arm-none-eabi/4.9.3/armv7-m/crtend.o
LOAD c:/ac6/systemworkbench/plugins/fr.ac6.mcu.externaltools.arm-none.win32_1.3.0.201507241045/tools/compiler/bin/../lib/gcc/arm-none-eabi/4.9.3/armv7-m/crtn.o
                0x20004000                _estack = 0x20004000
                0x00000000                _Min_Heap_Size = 0x0
                0x00000400                _Min_Stack_Size = 0x400

.isr_vector     0x08000000      0x188
                0x08000000                . = ALIGN (0x4)
 *(.isr_vector)
 .isr_vector    0x08000000      0x188 startup/startup_stm32.o
                0x08000000                g_pfnVectors
                0x08000188                . = ALIGN (0x4)

.text           0x08000188      0x570
                0x08000188                . = ALIGN (0x4)
 *(.text)
 .text          0x08000188       0x5c c:/ac6/systemworkbench/plugins/fr.ac6.mcu.externaltools.arm-none.win32_1.3.0.201507241045/tools/compiler/bin/../lib/gcc/arm-none-eabi/4.9.3/armv7-m/crtbegin.o
 *(.text*)
 .text.Reset_Handler
                0x080001e4       0x48 startup/startup_stm32.o
                0x080001e4                Reset_Handler
 .text.Default_Handler
                0x0800022c        0x2 startup/startup_stm32.o
                0x0800022c                DebugMon_Handler
                0x0800022c                HardFault_Handler
                0x0800022c                SysTick_Handler
                0x0800022c                PendSV_Handler
                0x0800022c                NMI_Handler
                0x0800022c                UsageFault_Handler
                0x0800022c                Default_Handler
                0x0800022c                MemManage_Handler
                0x0800022c                SVC_Handler
                0x0800022c                BusFault_Handler
 *fill*         0x0800022e        0x2 
 .text.main     0x08000230       0x24 src/main.o
                0x08000230                main
 .text.LED_init
                0x08000254       0x38 src/main.o
                0x08000254                LED_init
 .text.SystemInit
                0x0800028c       0x64 src/system_stm32l1xx.o
                0x0800028c                SystemInit
 .text.SetSysClock
                0x080002f0      0x120 src/system_stm32l1xx.o
 .text.GPIO_Init
                0x08000410      0x138 StdPeriph_Driver/src/stm32l1xx_gpio.o
                0x08000410                GPIO_Init
 .text.GPIO_SetBits
                0x08000548       0x1c StdPeriph_Driver/src/stm32l1xx_gpio.o
                0x08000548                GPIO_SetBits
 .text.RCC_AHBPeriphClockCmd
                0x08000564       0x3c StdPeriph_Driver/src/stm32l1xx_rcc.o
                0x08000564                RCC_AHBPeriphClockCmd
 .text.__libc_init_array
                0x080005a0       0x50 c:/ac6/systemworkbench/plugins/fr.ac6.mcu.externaltools.arm-none.win32_1.3.0.201507241045/tools/compiler/bin/../lib/gcc/arm-none-eabi/4.9.3/../../../../arm-none-eabi/lib/armv7-m\libc.a(lib_a-init.o)
                0x080005a0                __libc_init_array
 .text.startup.register_fini
                0x080005f0       0x14 c:/ac6/systemworkbench/plugins/fr.ac6.mcu.externaltools.arm-none.win32_1.3.0.201507241045/tools/compiler/bin/../lib/gcc/arm-none-eabi/4.9.3/../../../../arm-none-eabi/lib/armv7-m\libc.a(lib_a-__call_atexit.o)
 .text.atexit   0x08000604        0xc c:/ac6/systemworkbench/plugins/fr.ac6.mcu.externaltools.arm-none.win32_1.3.0.201507241045/tools/compiler/bin/../lib/gcc/arm-none-eabi/4.9.3/../../../../arm-none-eabi/lib/armv7-m\libc.a(lib_a-atexit.o)
                0x08000604                atexit
 .text.__libc_fini_array
                0x08000610       0x2c c:/ac6/systemworkbench/plugins/fr.ac6.mcu.externaltools.arm-none.win32_1.3.0.201507241045/tools/compiler/bin/../lib/gcc/arm-none-eabi/4.9.3/../../../../arm-none-eabi/lib/armv7-m\libc.a(lib_a-fini.o)
                0x08000610                __libc_fini_array
 .text.__register_exitproc
                0x0800063c       0xa4 c:/ac6/systemworkbench/plugins/fr.ac6.mcu.externaltools.arm-none.win32_1.3.0.201507241045/tools/compiler/bin/../lib/gcc/arm-none-eabi/4.9.3/../../../../arm-none-eabi/lib/armv7-m\libc.a(lib_a-__atexit.o)
                0x0800063c                __register_exitproc
 *(.glue_7)
 .glue_7        0x00000000        0x0 linker stubs
 *(.glue_7t)
 .glue_7t       0x00000000        0x0 linker stubs
 *(.eh_frame)
 .eh_frame      0x080006e0        0x0 c:/ac6/systemworkbench/plugins/fr.ac6.mcu.externaltools.arm-none.win32_1.3.0.201507241045/tools/compiler/bin/../lib/gcc/arm-none-eabi/4.9.3/armv7-m/crtbegin.o
 *(.init)
 .init          0x080006e0        0x4 c:/ac6/systemworkbench/plugins/fr.ac6.mcu.externaltools.arm-none.win32_1.3.0.201507241045/tools/compiler/bin/../lib/gcc/arm-none-eabi/4.9.3/armv7-m/crti.o
                0x080006e0                _init
 .init          0x080006e4        0x8 c:/ac6/systemworkbench/plugins/fr.ac6.mcu.externaltools.arm-none.win32_1.3.0.201507241045/tools/compiler/bin/../lib/gcc/arm-none-eabi/4.9.3/armv7-m/crtn.o
 *(.fini)
 .fini          0x080006ec        0x4 c:/ac6/systemworkbench/plugins/fr.ac6.mcu.externaltools.arm-none.win32_1.3.0.201507241045/tools/compiler/bin/../lib/gcc/arm-none-eabi/4.9.3/armv7-m/crti.o
                0x080006ec                _fini
 .fini          0x080006f0        0x8 c:/ac6/systemworkbench/plugins/fr.ac6.mcu.externaltools.arm-none.win32_1.3.0.201507241045/tools/compiler/bin/../lib/gcc/arm-none-eabi/4.9.3/armv7-m/crtn.o
                0x080006f8                . = ALIGN (0x4)
                0x080006f8                _etext = .

.vfp11_veneer   0x080006f8        0x0
 .vfp11_veneer  0x00000000        0x0 linker stubs

.v4_bx          0x080006f8        0x0
 .v4_bx         0x00000000        0x0 linker stubs

.iplt           0x080006f8        0x0
 .iplt          0x00000000        0x0 c:/ac6/systemworkbench/plugins/fr.ac6.mcu.externaltools.arm-none.win32_1.3.0.201507241045/tools/compiler/bin/../lib/gcc/arm-none-eabi/4.9.3/armv7-m/crtbegin.o

.rodata         0x080006f8        0x8
                0x080006f8                . = ALIGN (0x4)
 *(.rodata)
 *(.rodata*)
 .rodata.str1.4
                0x080006f8        0x4 c:/ac6/systemworkbench/plugins/fr.ac6.mcu.externaltools.arm-none.win32_1.3.0.201507241045/tools/compiler/bin/../lib/gcc/arm-none-eabi/4.9.3/../../../../arm-none-eabi/lib/armv7-m\libc.a(lib_a-impure.o)
 .rodata._global_impure_ptr
                0x080006fc        0x4 c:/ac6/systemworkbench/plugins/fr.ac6.mcu.externaltools.arm-none.win32_1.3.0.201507241045/tools/compiler/bin/../lib/gcc/arm-none-eabi/4.9.3/../../../../arm-none-eabi/lib/armv7-m\libc.a(lib_a-impure.o)
                0x080006fc                _global_impure_ptr
                0x08000700                . = ALIGN (0x4)

.rel.dyn        0x08000700        0x0
 .rel.iplt      0x00000000        0x0 c:/ac6/systemworkbench/plugins/fr.ac6.mcu.externaltools.arm-none.win32_1.3.0.201507241045/tools/compiler/bin/../lib/gcc/arm-none-eabi/4.9.3/armv7-m/crtbegin.o

.ARM.extab      0x08000700        0x0
                0x08000700                . = ALIGN (0x4)
 *(.ARM.extab* .gnu.linkonce.armextab.*)
                0x08000700                . = ALIGN (0x4)

.ARM            0x08000700        0x0
                0x08000700                . = ALIGN (0x4)
                0x08000700                __exidx_start = .
 *(.ARM.exidx*)
                0x08000700                __exidx_end = .
                0x08000700                . = ALIGN (0x4)

.preinit_array  0x08000700        0x0
                0x08000700                . = ALIGN (0x4)
                0x08000700                PROVIDE (__preinit_array_start, .)
 *(.preinit_array*)
                0x08000700                PROVIDE (__preinit_array_end, .)
                0x08000700                . = ALIGN (0x4)

.init_array     0x08000700        0x8
                0x08000700                . = ALIGN (0x4)
                0x08000700                PROVIDE (__init_array_start, .)
 *(SORT(.init_array.*))
 .init_array.00000
                0x08000700        0x4 c:/ac6/systemworkbench/plugins/fr.ac6.mcu.externaltools.arm-none.win32_1.3.0.201507241045/tools/compiler/bin/../lib/gcc/arm-none-eabi/4.9.3/../../../../arm-none-eabi/lib/armv7-m\libc.a(lib_a-__call_atexit.o)
 *(.init_array*)
 .init_array    0x08000704        0x4 c:/ac6/systemworkbench/plugins/fr.ac6.mcu.externaltools.arm-none.win32_1.3.0.201507241045/tools/compiler/bin/../lib/gcc/arm-none-eabi/4.9.3/armv7-m/crtbegin.o
                0x08000708                PROVIDE (__init_array_end, .)
                0x08000708                . = ALIGN (0x4)

.fini_array     0x08000708        0x4
                0x08000708                . = ALIGN (0x4)
                0x08000708                PROVIDE (__fini_array_start, .)
 *(SORT(.fini_array.*))
 *(.fini_array*)
 .fini_array    0x08000708        0x4 c:/ac6/systemworkbench/plugins/fr.ac6.mcu.externaltools.arm-none.win32_1.3.0.201507241045/tools/compiler/bin/../lib/gcc/arm-none-eabi/4.9.3/armv7-m/crtbegin.o
                0x0800070c                PROVIDE (__fini_array_end, .)
                0x0800070c                . = ALIGN (0x4)
                0x0800070c                _sidata = LOADADDR (.data)

.data           0x20000000      0x428 load address 0x0800070c
                0x20000000                . = ALIGN (0x4)
                0x20000000                _sdata = .
 *(.data)
 *(.data*)
 .data.impure_data
                0x20000000      0x428 c:/ac6/systemworkbench/plugins/fr.ac6.mcu.externaltools.arm-none.win32_1.3.0.201507241045/tools/compiler/bin/../lib/gcc/arm-none-eabi/4.9.3/../../../../arm-none-eabi/lib/armv7-m\libc.a(lib_a-impure.o)
                0x20000428                . = ALIGN (0x4)
                0x20000428                _edata = .

.jcr            0x20000428        0x0 load address 0x08000b34
 .jcr           0x20000428        0x0 c:/ac6/systemworkbench/plugins/fr.ac6.mcu.externaltools.arm-none.win32_1.3.0.201507241045/tools/compiler/bin/../lib/gcc/arm-none-eabi/4.9.3/armv7-m/crtbegin.o

.igot.plt       0x20000428        0x0 load address 0x08000b34
 .igot.plt      0x00000000        0x0 c:/ac6/systemworkbench/plugins/fr.ac6.mcu.externaltools.arm-none.win32_1.3.0.201507241045/tools/compiler/bin/../lib/gcc/arm-none-eabi/4.9.3/armv7-m/crtbegin.o
                0x20000428                . = ALIGN (0x4)

.bss            0x20000428       0x1c load address 0x08000b34
                0x20000428                _sbss = .
                0x20000428                __bss_start__ = _sbss
 *(.bss)
 .bss           0x20000428       0x1c c:/ac6/systemworkbench/plugins/fr.ac6.mcu.externaltools.arm-none.win32_1.3.0.201507241045/tools/compiler/bin/../lib/gcc/arm-none-eabi/4.9.3/armv7-m/crtbegin.o
 *(.bss*)
 *(COMMON)
                0x20000444                . = ALIGN (0x4)
                0x20000444                _ebss = .
                0x20000444                __bss_end__ = _ebss

._user_heap_stack
                0x20000444      0x404 load address 0x08000b34
                0x20000448                . = ALIGN (0x8)
 *fill*         0x20000444        0x4 
                0x20000448                PROVIDE (end, .)
                0x20000448                PROVIDE (_end, .)
                0x20000448                . = (. + _Min_Heap_Size)
                0x20000848                . = (. + _Min_Stack_Size)
 *fill*         0x20000448      0x400 
                0x20000848                . = ALIGN (0x8)

/DISCARD/
 libc.a(*)
 libm.a(*)
 libgcc.a(*)

.ARM.attributes
                0x00000000       0x29
 *(.ARM.attributes)
 .ARM.attributes
                0x00000000       0x1d c:/ac6/systemworkbench/plugins/fr.ac6.mcu.externaltools.arm-none.win32_1.3.0.201507241045/tools/compiler/bin/../lib/gcc/arm-none-eabi/4.9.3/armv7-m/crti.o
 .ARM.attributes
                0x0000001d       0x2d c:/ac6/systemworkbench/plugins/fr.ac6.mcu.externaltools.arm-none.win32_1.3.0.201507241045/tools/compiler/bin/../lib/gcc/arm-none-eabi/4.9.3/armv7-m/crtbegin.o
 .ARM.attributes
                0x0000004a       0x21 startup/startup_stm32.o
 .ARM.attributes
                0x0000006b       0x33 src/main.o
 .ARM.attributes
                0x0000009e       0x33 src/system_stm32l1xx.o
 .ARM.attributes
                0x000000d1       0x33 StdPeriph_Driver/src/stm32l1xx_gpio.o
 .ARM.attributes
                0x00000104       0x33 StdPeriph_Driver/src/stm32l1xx_rcc.o
 .ARM.attributes
                0x00000137       0x2d c:/ac6/systemworkbench/plugins/fr.ac6.mcu.externaltools.arm-none.win32_1.3.0.201507241045/tools/compiler/bin/../lib/gcc/arm-none-eabi/4.9.3/../../../../arm-none-eabi/lib/armv7-m\libc.a(lib_a-impure.o)
 .ARM.attributes
                0x00000164       0x2d c:/ac6/systemworkbench/plugins/fr.ac6.mcu.externaltools.arm-none.win32_1.3.0.201507241045/tools/compiler/bin/../lib/gcc/arm-none-eabi/4.9.3/../../../../arm-none-eabi/lib/armv7-m\libc.a(lib_a-init.o)
 .ARM.attributes
                0x00000191       0x2d c:/ac6/systemworkbench/plugins/fr.ac6.mcu.externaltools.arm-none.win32_1.3.0.201507241045/tools/compiler/bin/../lib/gcc/arm-none-eabi/4.9.3/../../../../arm-none-eabi/lib/armv7-m\libc.a(lib_a-__call_atexit.o)
 .ARM.attributes
                0x000001be       0x2d c:/ac6/systemworkbench/plugins/fr.ac6.mcu.externaltools.arm-none.win32_1.3.0.201507241045/tools/compiler/bin/../lib/gcc/arm-none-eabi/4.9.3/../../../../arm-none-eabi/lib/armv7-m\libc.a(lib_a-atexit.o)
 .ARM.attributes
                0x000001eb       0x2d c:/ac6/systemworkbench/plugins/fr.ac6.mcu.externaltools.arm-none.win32_1.3.0.201507241045/tools/compiler/bin/../lib/gcc/arm-none-eabi/4.9.3/../../../../arm-none-eabi/lib/armv7-m\libc.a(lib_a-fini.o)
 .ARM.attributes
                0x00000218       0x2d c:/ac6/systemworkbench/plugins/fr.ac6.mcu.externaltools.arm-none.win32_1.3.0.201507241045/tools/compiler/bin/../lib/gcc/arm-none-eabi/4.9.3/../../../../arm-none-eabi/lib/armv7-m\libc.a(lib_a-__atexit.o)
 .ARM.attributes
                0x00000245       0x1d c:/ac6/systemworkbench/plugins/fr.ac6.mcu.externaltools.arm-none.win32_1.3.0.201507241045/tools/compiler/bin/../lib/gcc/arm-none-eabi/4.9.3/armv7-m/crtn.o
OUTPUT(Ext_temp.elf elf32-littlearm)

.debug_line     0x00000000     0x1c63
 .debug_line    0x00000000       0x79 startup/startup_stm32.o
 .debug_line    0x00000079      0x616 src/main.o
 .debug_line    0x0000068f      0x61d src/system_stm32l1xx.o
 .debug_line    0x00000cac      0x6f0 StdPeriph_Driver/src/stm32l1xx_gpio.o
 .debug_line    0x0000139c      0x8c7 StdPeriph_Driver/src/stm32l1xx_rcc.o

.debug_info     0x00000000     0x192b
 .debug_info    0x00000000       0x6b startup/startup_stm32.o
 .debug_info    0x0000006b      0x30c src/main.o
 .debug_info    0x00000377      0x55b src/system_stm32l1xx.o
 .debug_info    0x000008d2      0x642 StdPeriph_Driver/src/stm32l1xx_gpio.o
 .debug_info    0x00000f14      0xa17 StdPeriph_Driver/src/stm32l1xx_rcc.o

.debug_abbrev   0x00000000      0x61e
 .debug_abbrev  0x00000000       0x12 startup/startup_stm32.o
 .debug_abbrev  0x00000012      0x132 src/main.o
 .debug_abbrev  0x00000144      0x14a src/system_stm32l1xx.o
 .debug_abbrev  0x0000028e      0x1a8 StdPeriph_Driver/src/stm32l1xx_gpio.o
 .debug_abbrev  0x00000436      0x1e8 StdPeriph_Driver/src/stm32l1xx_rcc.o

.debug_aranges  0x00000000      0x258
 .debug_aranges
                0x00000000       0x28 startup/startup_stm32.o
 .debug_aranges
                0x00000028       0x30 src/main.o
 .debug_aranges
                0x00000058       0x30 src/system_stm32l1xx.o
 .debug_aranges
                0x00000088       0x88 StdPeriph_Driver/src/stm32l1xx_gpio.o
 .debug_aranges
                0x00000110      0x148 StdPeriph_Driver/src/stm32l1xx_rcc.o

.debug_ranges   0x00000000      0x210
 .debug_ranges  0x00000000       0x20 startup/startup_stm32.o
 .debug_ranges  0x00000020       0x20 src/main.o
 .debug_ranges  0x00000040       0x20 src/system_stm32l1xx.o
 .debug_ranges  0x00000060       0x78 StdPeriph_Driver/src/stm32l1xx_gpio.o
 .debug_ranges  0x000000d8      0x138 StdPeriph_Driver/src/stm32l1xx_rcc.o

.debug_macro    0x00000000      0xdac
 .debug_macro   0x00000000      0x1b0 src/main.o
 .debug_macro   0x000001b0       0x70 src/main.o
 .debug_macro   0x00000220       0x1c src/main.o
 .debug_macro   0x0000023c      0x192 src/system_stm32l1xx.o
 .debug_macro   0x000003ce      0x199 StdPeriph_Driver/src/stm32l1xx_gpio.o
 .debug_macro   0x00000567      0x1fd StdPeriph_Driver/src/stm32l1xx_gpio.o
 .debug_macro   0x00000764      0x23b StdPeriph_Driver/src/stm32l1xx_rcc.o
 .debug_macro   0x0000099f      0x40d StdPeriph_Driver/src/stm32l1xx_rcc.o

.debug_str      0x00000000    0x52c94
 .debug_str     0x00000000    0x52029 src/main.o
                              0x5219d (size before relaxing)
 .debug_str     0x00052029      0x1c7 src/system_stm32l1xx.o
                              0x519a2 (size before relaxing)
 .debug_str     0x000521f0      0x193 StdPeriph_Driver/src/stm32l1xx_gpio.o
                              0x51b02 (size before relaxing)
 .debug_str     0x00052383      0x911 StdPeriph_Driver/src/stm32l1xx_rcc.o
                              0x521e2 (size before relaxing)

.comment        0x00000000       0x70
 .comment       0x00000000       0x70 src/main.o
                                 0x71 (size before relaxing)
 .comment       0x00000000       0x71 src/system_stm32l1xx.o
 .comment       0x00000000       0x71 StdPeriph_Driver/src/stm32l1xx_gpio.o
 .comment       0x00000000       0x71 StdPeriph_Driver/src/stm32l1xx_rcc.o

.debug_frame    0x00000000      0xa0c
 .debug_frame   0x00000000       0x6c src/main.o
 .debug_frame   0x0000006c       0x7c src/system_stm32l1xx.o
 .debug_frame   0x000000e8      0x23c StdPeriph_Driver/src/stm32l1xx_gpio.o
 .debug_frame   0x00000324      0x5e4 StdPeriph_Driver/src/stm32l1xx_rcc.o
 .debug_frame   0x00000908       0x2c c:/ac6/systemworkbench/plugins/fr.ac6.mcu.externaltools.arm-none.win32_1.3.0.201507241045/tools/compiler/bin/../lib/gcc/arm-none-eabi/4.9.3/../../../../arm-none-eabi/lib/armv7-m\libc.a(lib_a-init.o)
 .debug_frame   0x00000934       0x50 c:/ac6/systemworkbench/plugins/fr.ac6.mcu.externaltools.arm-none.win32_1.3.0.201507241045/tools/compiler/bin/../lib/gcc/arm-none-eabi/4.9.3/../../../../arm-none-eabi/lib/armv7-m\libc.a(lib_a-__call_atexit.o)
 .debug_frame   0x00000984       0x20 c:/ac6/systemworkbench/plugins/fr.ac6.mcu.externaltools.arm-none.win32_1.3.0.201507241045/tools/compiler/bin/../lib/gcc/arm-none-eabi/4.9.3/../../../../arm-none-eabi/lib/armv7-m\libc.a(lib_a-atexit.o)
 .debug_frame   0x000009a4       0x34 c:/ac6/systemworkbench/plugins/fr.ac6.mcu.externaltools.arm-none.win32_1.3.0.201507241045/tools/compiler/bin/../lib/gcc/arm-none-eabi/4.9.3/../../../../arm-none-eabi/lib/armv7-m\libc.a(lib_a-fini.o)
 .debug_frame   0x000009d8       0x34 c:/ac6/systemworkbench/plugins/fr.ac6.mcu.externaltools.arm-none.win32_1.3.0.201507241045/tools/compiler/bin/../lib/gcc/arm-none-eabi/4.9.3/../../../../arm-none-eabi/lib/armv7-m\libc.a(lib_a-__atexit.o)
